------------------------------------------------------------
Timing Analyzer Summary
------------------------------------------------------------

Type  : Slow 1100mV 85C Model Setup 'clk'
Slack : -2.372
TNS   : -2.372

Type  : Slow 1100mV 85C Model Hold 'clk'
Slack : 0.817
TNS   : 0.000

Type  : Slow 1100mV 85C Model Minimum Pulse Width 'clk'
Slack : -0.538
TNS   : -13.086

Type  : Slow 1100mV 0C Model Setup 'clk'
Slack : -2.451
TNS   : -2.451

Type  : Slow 1100mV 0C Model Hold 'clk'
Slack : 0.740
TNS   : 0.000

Type  : Slow 1100mV 0C Model Minimum Pulse Width 'clk'
Slack : -0.538
TNS   : -13.586

Type  : Fast 1100mV 85C Model Setup 'clk'
Slack : -0.624
TNS   : -0.624

Type  : Fast 1100mV 85C Model Hold 'clk'
Slack : 0.435
TNS   : 0.000

Type  : Fast 1100mV 85C Model Minimum Pulse Width 'clk'
Slack : -0.088
TNS   : -1.469

Type  : Fast 1100mV 0C Model Setup 'clk'
Slack : -0.514
TNS   : -0.514

Type  : Fast 1100mV 0C Model Hold 'clk'
Slack : 0.391
TNS   : 0.000

Type  : Fast 1100mV 0C Model Minimum Pulse Width 'clk'
Slack : -0.092
TNS   : -1.544

------------------------------------------------------------
